// Jest Snapshot v1, https://goo.gl/fbAQLP

exports[`<Cards /> expect to render Cards component with mocked robots 1`] = `
<div>
  <Card
    email="john@gmail.com"
    id={1}
    key="0"
    name="Jon Doe"
  />
</div>
`;
